<html>
<body>
<pre>
<h1>µVision Build Log</h1>
<h2>Tool Versions:</h2>
IDE-Version: ¶ÃVision V5.25.3.0
Copyright (C) 2018 ARM Ltd and ARM Germany GmbH. All rights reserved.
License Information: Tony Huang, SZU, LIC=CRMW3-A5PTV-35TTX-HVZKQ-G89HR-0YFXU
 
Tool Versions:
Toolchain:       MDK-ARM Professional  Version: 5.18
Toolchain Path:  D:\Softwares\Keil\ARM\ARMCC\bin\
C Compiler:      Armcc.exe V5.06 update 1 (build 61)
Assembler:       Armasm.exe V5.06 update 1 (build 61)
Linker/Locator:  ArmLink.exe V5.06 update 1 (build 61)
Library Manager: ArmAr.exe V5.06 update 1 (build 61)
Hex Converter:   FromElf.exe V5.06 update 1 (build 61)
CPU DLL:         SARMCM3.DLL V5.18
Dialog DLL:      DCM.DLL V1.13.6.0
Target DLL:      STLink\ST-LINKIII-KEIL_SWO.dll V2.0.18.0
Dialog DLL:      TCM.DLL V1.14.8.0
 
<h2>Project:</h2>
D:\OneDrive - email.szu.edu.cn\Codes\Github insiders\Examples\7-1 AD\Project.uvprojx
Project File Date:  07/30/2023

<h2>Output:</h2>
*** Using Compiler '', folder: 'D:\Softwares\Keil\ARM\ARMCC\bin\'
Build target 'Target 1'
compiling main.c...
compiling AD.c...
Hardware\AD.c(47): warning:  #69-D: integer conversion resulted in truncation
      while (ADC_GetFlagStatus(
DC1, 
DC_IT_EOC)==RESET)//Á≠?Âæ?ËΩ?Êç?ÂÆ?Êà?
Hardware\AD.c: 1 warning, 0 errors
linking...
Program Size: Code=2248 RO-data=1772 RW-data=0 ZI-data=1632  
".\Objects\Project.axf" - 0 Error(s), 1 Warning(s).

<h2>Software Packages used:</h2>

Package Vendor: Keil
                https://www.keil.com/pack/Keil.STM32F1xx_DFP.2.4.1.pack
                Keil.STM32F1xx_DFP.2.4.1
                STMicroelectronics STM32F1 Series Device Support, Drivers and Examples

<h2>Collection of Component include folders:</h2>
  .\RTE\_Target_1
  D:\Softwares\Keil\ARM\PACK\Keil\STM32F1xx_DFP\2.4.1\Device\Include

<h2>Collection of Component Files used:</h2>
Build Time Elapsed:  00:00:01
</pre>
</body>
</html>
